[    0.000000] Initializing cgroup subsys cpuset
[    0.000000] Initializing cgroup subsys cpu
[    0.000000] Initializing cgroup subsys cpuacct
[    0.000000] Linux version 4.4.0-127-generic (buildd@lcy01-amd64-023) (gcc version 5.4.0 20160609 (Ubuntu 5.4.0-6ubuntu1~16.04.9) ) #153-Ubuntu SMP Sat May 19 10:58:46 UTC 2018 (Ubuntu 4.4.0-127.153-generic 4.4.128)
[    0.000000] Command line: BOOT_IMAGE=/boot/vmlinuz-4.4.0-127-generic root=LABEL=cloudimg-rootfs ro console=tty1 console=ttyS0
[    0.000000] KERNEL supported cpus:
[    0.000000]   Intel GenuineIntel
[    0.000000]   AMD AuthenticAMD
[    0.000000]   Centaur CentaurHauls
[    0.000000] x86/fpu: xstate_offset[2]:  576, xstate_sizes[2]:  256
[    0.000000] x86/fpu: Supporting XSAVE feature 0x01: 'x87 floating point registers'
[    0.000000] x86/fpu: Supporting XSAVE feature 0x02: 'SSE registers'
[    0.000000] x86/fpu: Supporting XSAVE feature 0x04: 'AVX registers'
[    0.000000] x86/fpu: Enabled xstate features 0x7, context size is 832 bytes, using 'standard' format.
[    0.000000] x86/fpu: Using 'lazy' FPU context switches.
[    0.000000] e820: BIOS-provided physical RAM map:
[    0.000000] BIOS-e820: [mem 0x0000000000000000-0x000000000009fbff] usable
[    0.000000] BIOS-e820: [mem 0x000000000009fc00-0x000000000009ffff] reserved
[    0.000000] BIOS-e820: [mem 0x00000000000f0000-0x00000000000fffff] reserved
[    0.000000] BIOS-e820: [mem 0x0000000000100000-0x000000003ffeffff] usable
[    0.000000] BIOS-e820: [mem 0x000000003fff0000-0x000000003fffffff] ACPI data
[    0.000000] BIOS-e820: [mem 0x00000000fec00000-0x00000000fec00fff] reserved
[    0.000000] BIOS-e820: [mem 0x00000000fee00000-0x00000000fee00fff] reserved
[    0.000000] BIOS-e820: [mem 0x00000000fffc0000-0x00000000ffffffff] reserved
[    0.000000] NX (Execute Disable) protection: active
[    0.000000] SMBIOS 2.5 present.
[    0.000000] Hypervisor detected: KVM
[    0.000000] e820: last_pfn = 0x3fff0 max_arch_pfn = 0x400000000
[    0.000000] MTRR: Disabled
[    0.000000] x86/PAT: MTRRs disabled, skipping PAT initialization too.
[    0.000000] CPU MTRRs all blank - virtualized system.
[    0.000000] x86/PAT: Configuration [0-7]: WB  WT  UC- UC  WB  WT  UC- UC  
[    0.000000] found SMP MP-table at [mem 0x0009fff0-0x0009ffff] mapped at [ffff88000009fff0]
[    0.000000] Scanning 1 areas for low memory corruption
[    0.000000] RAMDISK: [mem 0x36ab4000-0x37551fff]
[    0.000000] ACPI: Early table checksum verification disabled
[    0.000000] ACPI: RSDP 0x00000000000E0000 000024 (v02 VBOX  )
[    0.000000] ACPI: XSDT 0x000000003FFF0030 00003C (v01 VBOX   VBOXXSDT 00000001 ASL  00000061)
[    0.000000] ACPI: FACP 0x000000003FFF00F0 0000F4 (v04 VBOX   VBOXFACP 00000001 ASL  00000061)
[    0.000000] ACPI: DSDT 0x000000003FFF0470 0021FF (v02 VBOX   VBOXBIOS 00000002 INTL 20180209)
[    0.000000] ACPI: FACS 0x000000003FFF0200 000040
[    0.000000] ACPI: FACS 0x000000003FFF0200 000040
[    0.000000] ACPI: APIC 0x000000003FFF0240 00005C (v02 VBOX   VBOXAPIC 00000001 ASL  00000061)
[    0.000000] ACPI: SSDT 0x000000003FFF02A0 0001CC (v01 VBOX   VBOXCPUT 00000002 INTL 20180209)
[    0.000000] No NUMA configuration found
[    0.000000] Faking a node at [mem 0x0000000000000000-0x000000003ffeffff]
[    0.000000] NODE_DATA(0) allocated [mem 0x3ffeb000-0x3ffeffff]
[    0.000000] kvm-clock: Using msrs 4b564d01 and 4b564d00
[    0.000000] kvm-clock: cpu 0, msr 0:3ffe3001, primary cpu clock
[    0.000000] kvm-clock: using sched offset of 3420099844 cycles
[    0.000000] clocksource: kvm-clock: mask: 0xffffffffffffffff max_cycles: 0x1cd42e4dffb, max_idle_ns: 881590591483 ns
[    0.000000] Zone ranges:
[    0.000000]   DMA      [mem 0x0000000000001000-0x0000000000ffffff]
[    0.000000]   DMA32    [mem 0x0000000001000000-0x000000003ffeffff]
[    0.000000]   Normal   empty
[    0.000000]   Device   empty
[    0.000000] Movable zone start for each node
[    0.000000] Early memory node ranges
[    0.000000]   node   0: [mem 0x0000000000001000-0x000000000009efff]
[    0.000000]   node   0: [mem 0x0000000000100000-0x000000003ffeffff]
[    0.000000] Initmem setup node 0 [mem 0x0000000000001000-0x000000003ffeffff]
[    0.000000] ACPI: PM-Timer IO Port: 0x4008
[    0.000000] IOAPIC[0]: apic_id 2, version 32, address 0xfec00000, GSI 0-23
[    0.000000] ACPI: INT_SRC_OVR (bus 0 bus_irq 0 global_irq 2 dfl dfl)
[    0.000000] ACPI: INT_SRC_OVR (bus 0 bus_irq 9 global_irq 9 low level)
[    0.000000] Using ACPI (MADT) for SMP configuration information
[    0.000000] smpboot: Allowing 2 CPUs, 0 hotplug CPUs
[    0.000000] PM: Registered nosave memory: [mem 0x00000000-0x00000fff]
[    0.000000] PM: Registered nosave memory: [mem 0x0009f000-0x0009ffff]
[    0.000000] PM: Registered nosave memory: [mem 0x000a0000-0x000effff]
[    0.000000] PM: Registered nosave memory: [mem 0x000f0000-0x000fffff]
[    0.000000] e820: [mem 0x40000000-0xfebfffff] available for PCI devices
[    0.000000] Booting paravirtualized kernel on KVM
[    0.000000] clocksource: refined-jiffies: mask: 0xffffffff max_cycles: 0xffffffff, max_idle_ns: 7645519600211568 ns
[    0.000000] setup_percpu: NR_CPUS:512 nr_cpumask_bits:512 nr_cpu_ids:2 nr_node_ids:1
[    0.000000] PERCPU: Embedded 34 pages/cpu @ffff88003fc00000 s99544 r8192 d31528 u1048576
[    0.000000] PV qspinlock hash table entries: 256 (order: 0, 4096 bytes)
[    0.000000] Built 1 zonelists in Node order, mobility grouping on.  Total pages: 257912
[    0.000000] Policy zone: DMA32
[    0.000000] Kernel command line: BOOT_IMAGE=/boot/vmlinuz-4.4.0-127-generic root=LABEL=cloudimg-rootfs ro console=tty1 console=ttyS0
[    0.000000] PID hash table entries: 4096 (order: 3, 32768 bytes)
[    0.000000] Memory: 1001648K/1048120K available (8537K kernel code, 1313K rwdata, 4000K rodata, 1512K init, 1316K bss, 46472K reserved, 0K cma-reserved)
[    0.000000] SLUB: HWalign=64, Order=0-3, MinObjects=0, CPUs=2, Nodes=1
[    0.000000] Kernel/User page tables isolation: enabled
[    0.000000] Hierarchical RCU implementation.
[    0.000000] 	Build-time adjustment of leaf fanout to 64.
[    0.000000] 	RCU restricting CPUs from NR_CPUS=512 to nr_cpu_ids=2.
[    0.000000] RCU: Adjusting geometry for rcu_fanout_leaf=64, nr_cpu_ids=2
[    0.000000] NR_IRQS:33024 nr_irqs:440 16
[    0.000000] Console: colour VGA+ 80x25
[    0.000000] console [tty1] enabled
[    0.000000] console [ttyS0] enabled
[    0.000000] tsc: Detected 2491.902 MHz processor
[    0.178889] Calibrating delay loop (skipped) preset value.. 4983.80 BogoMIPS (lpj=9967608)
[    0.180558] pid_max: default: 32768 minimum: 301
[    0.181454] ACPI: Core revision 20150930
[    0.183316] ACPI: 2 ACPI AML tables successfully acquired and loaded
[    0.184609] Security Framework initialized
[    0.185427] Yama: becoming mindful.
[    0.186181] AppArmor: AppArmor initialized
[    0.187118] Dentry cache hash table entries: 131072 (order: 8, 1048576 bytes)
[   0.189061] Inode-cache hash table entries: 65536 (order: 7, 524288 bytes)
[    0.204230] Mount-cache hash table entries: 2048 (order: 2, 16384 bytes)
[    0.205421] Mountpoint-cache hash table entries: 2048 (order: 2, 16384 bytes)
[    0.206864] Initializing cgroup subsys io
[    0.207682] Initializing cgroup subsys memory
[    0.2085336] Initializing cgroup subsys devices
[    0.210530] Initializing cgroup subsys freezer
[    0.211406] Initializing cgroup subsys net_cls
[    0.212280] Initializing cgroup subsys perf_event
[    0.213188] Initializing cgroup subsys net_prio
[    0.214107] Initializing cgroup subsys hugetlb
[    0.214980] Initializing cgroup subsys pids
[    0.215865] CPU: Physical Processor ID: 0
[    0.216678] CPU: Processor Core ID: 0
[    0.217446] mce: CPU supports 0 MCE banks
[    0.218326] Last level iTLB entries: 4KB 512, 2MB 8, 4MB 8
[    0.219346] Last level dTLB entries: 4KB 512, 2MB 32, 4MB 32, 1GB 0
[    0.220458] Spectre V2 : Mitigation: Full generic retpoline
[    0.221501] Spectre V2 : Speculation control IBPB not-supported IBRS not-supported
[    0.222792] Speculative Store Bypass: Vulnerable
[    0.226111] Freeing SMP alternatives memory: 32K
[    0.235677] ftrace: allocating 32237 entries in 126 pages
[    0.291974] smpboot: APIC(0) Converting physical 0 to logical package 0
[    0.387473] smpboot: Max logical packages: 1
[    0.388614] x2apic enabled
[    0.389473] Switched APIC routing to physical x2apic.
[    0.391646] ..TIMER: vector=0x30 apic1=0 pin1=2 apic2=-1 pin2=-1
[    0.498098] smpboot: CPU0: Intel(R) Core(TM) i5-2520M CPU @ 2.50GHz (family: 0x6, model: 0x2a, stepping: 0x7)
[    0.532703] Performance Events: unsupported p6 CPU model 42 no PMU driver, software events only.
[    0.534528] KVM setup paravirtual spinlock
[    0.536103] x86: Booting SMP configuration:
[    0.536969] .... node  #0, CPUs:      #1
[    0.537913] kvm-clock: cpu 1, msr 0:3ffe3041, secondary cpu clock
[    0.542511] mce: CPU supports 0 MCE banks
[    0.545249] x86: Booted up 1 node, 2 CPUs
[    0.546306] smpboot: Total of 2 processors activated (9967.60 BogoMIPS)
[    0.547904] devtmpfs: initialized
[    0.550597] evm: security.selinux
[    0.551315] evm: security.SMACK64
[    0.552069] evm: security.SMACK64EXEC
[    0.552868] evm: security.SMACK64TRANSMUTE
[    0.553729] evm: security.SMACK64MMAP
[    0.554486] evm: security.ima
[    0.555150] evm: security.capability
[    0.556118] clocksource: jiffies: mask: 0xffffffff max_cycles: 0xffffffff, max_idle_ns: 7645041785100000 ns
[    0.557977] futex hash table entries: 512 (order: 3, 32768 bytes)
[    0.559246] pinctrl core: initialized pinctrl subsystem
[    0.560346] RTC time:  3:15:31, date: 06/20/18
[    0.561396] NET: Registered protocol family 16
[    0.573624] cpuidle: using governor ladder
[    0.585719] cpuidle: using governor menu
[    0.587067] PCCT header not found.
[    0.588388] ACPI: bus type PCI registered
[    0.589809] acpiphp: ACPI Hot Plug PCI Controller Driver version: 0.5
[    0.591941] PCI: Using configuration type 1 for base access
[    0.606834] ACPI: Added _OSI(Module Device)
[    0.608237] ACPI: Added _OSI(Processor Device)
[    0.609750] ACPI: Added _OSI(3.0 _SCP Extensions)
[    0.611423] ACPI: Added _OSI(Processor Aggregator Device)
[    0.614778] ACPI: Executed 1 blocks of module-level executable AML code
[    0.618943] ACPI: Interpreter enabled
[    0.619712] ACPI: (supports S0 S5)
[    0.620428] ACPI: Using IOAPIC for interrupt routing
[    0.621557] PCI: Using host bridge windows from ACPI; if necessary, use "pci=nocrs" and report a bug
[    0.626953] ACPI: PCI Root Bridge [PCI0] (domain 0000 [bus 00-ff])
[    0.628060] acpi PNP0A03:00: _OSC: OS supports [ASPM ClockPM Segments MSI]
[    0.629261] acpi PNP0A03:00: _OSC: not requesting OS control; OS requires [ExtendedConfig ASPM ClockPM MSI]
[    0.631098] acpi PNP0A03:00: fail to add MMCONFIG information, can't access extended PCI configuration space under this bridge.
[    0.633405] PCI host bridge to bus 0000:00
[    0.634288] pci_bus 0000:00: root bus resource [io  0x0000-0x0cf7 window]
[    0.635479] pci_bus 0000:00: root bus resource [io  0x0d00-0xffff window]
[    0.636664] pci_bus 0000:00: root bus resource [mem 0x000a0000-0x000bffff window]
[    0.638170] pci_bus 0000:00: root bus resource [mem 0x40000000-0xfdffffff window]
[    0.639649] pci_bus 0000:00: root bus resource [bus 00-ff]
[    0.642230] pci 0000:00:01.1: legacy IDE quirk: reg 0x10: [io  0x01f0-0x01f7]
[    0.643450] pci 0000:00:01.1: legacy IDE quirk: reg 0x14: [io  0x03f6]
[    0.644587] pci 0000:00:01.1: legacy IDE quirk: reg 0x18: [io  0x0170-0x0177]
[    0.655359] pci 0000:00:01.1: legacy IDE quirk: reg 0x1c: [io  0x0376]
[    0.680226] pci 0000:00:07.0: quirk: [io  0x4000-0x403f] claimed by PIIX4 ACPI
[    0.707962] pci 0000:00:07.0: quirk: [io  0x4100-0x410f] claimed by PIIX4 SMB
[    0.716989] ACPI: PCI Interrupt Link [LNKA] (IRQs 5 9 10 *11)
[    0.826686] ACPI: PCI Interrupt Link [LNKB] (IRQs 5 9 *10 11)
[    0.828192] ACPI: PCI Interrupt Link [LNKC] (IRQs 5 *9 10 11)
[    0.829768] ACPI: PCI Interrupt Link [LNKD] (IRQs 5 9 10 *11)
[    0.831323] ACPI: Enabled 2 GPEs in block 00 to 07
[    0.832805] vgaarb: setting as boot device: PCI:0000:00:02.0
[    0.833871] vgaarb: device added: PCI:0000:00:02.0,decodes=io+mem,owns=io+mem,locks=none
[    0.835445] vgaarb: loaded
[    0.836073] vgaarb: bridge control possible 0000:00:02.0
[    0.837353] SCSI subsystem initialized
[    0.838347] ACPI: bus type USB registered
[    0.839187] usbcore: registered new interface driver usbfs
[    0.840207] usbcore: registered new interface driver hub
[    0.841215] usbcore: registered new device driver usb
[    0.843202] PCI: Using ACPI for IRQ routing
[    0.844373] NetLabel: Initializing
[    0.845098] NetLabel:  domain hash size = 128
[    0.846004] NetLabel:  protocols = UNLABELED CIPSOv4
[    0.846952] NetLabel:  unlabeled traffic allowed by default
[    0.848121] amd_nb: Cannot enumerate AMD northbridges
[    0.849114] clocksource: Switched to clocksource kvm-clock
[    0.858074] AppArmor: AppArmor Filesystem Enabled
[    0.862110] pnp: PnP ACPI init
[    0.863583] pnp: PnP ACPI: found 3 devices
[    0.875474] clocksource: acpi_pm: mask: 0xffffff max_cycles: 0xffffff, max_idle_ns: 2085701024 ns
[    0.877187] NET: Registered protocol family 2
[    0.878299] TCP established hash table entries: 8192 (order: 4, 65536 bytes)
[    0.879528] TCP bind hash table entries: 8192 (order: 5, 131072 bytes)
[    0.880687] TCP: Hash tables configured (established 8192 bind 8192)
[    0.881861] UDP hash table entries: 512 (order: 2, 16384 bytes)
[    0.882925] UDP-Lite hash table entries: 512 (order: 2, 16384 bytes)
[    0.884089] NET: Registered protocol family 1
[    0.884950] pci 0000:00:00.0: Limiting direct PCI/PCI transfers
[    0.886053] pci 0000:00:01.0: Activating ISA DMA hang workarounds
[    0.887267] Unpacking initramfs...
[    2.713579] Freeing initrd memory: 10872K
[    2.725891] RAPL PMU detected, API unit is 2^-32 Joules, 3 fixed counters 10737418240 ms ovfl timer
[    2.727561] hw unit of domain pp0-core 2^-0 Joules
[    2.728457] hw unit of domain package 2^-0 Joules
[    2.729361] hw unit of domain pp1-gpu 2^-0 Joules
[    2.730340] platform rtc_cmos: registered platform RTC device (no PNP device found)
[    2.731987] Scanning for low memory corruption every 60 seconds
[    2.733655] audit: initializing netlink subsys (disabled)
[    2.734678] audit: type=2000 audit(1529464538.047:1): initialized
[    2.736045] Initialise system trusted keyring
[    2.737097] HugeTLB registered 2 MB page size, pre-allocated 0 pages
[    2.739760] zbud: loaded
[    2.740732] VFS: Disk quotas dquot_6.6.0
[    2.741624] VFS: Dquot-cache hash table entries: 512 (order 0, 4096 bytes)
[    2.743106] squashfs: version 4.0 (2009/01/31) Phillip Lougher
[    2.744455] fuse init (API version 7.23)
[    2.745405] Key type big_key registered
[    2.746212] Allocating IMA MOK and blacklist keyrings.
[    2.748600] Key type asymmetric registered
[    2.749432] Asymmetric key parser 'x509' registered
[    2.750400] Block layer SCSI generic (bsg) driver version 0.4 loaded (major 249)
[    2.751970] io scheduler noop registered
[    2.752765] io scheduler deadline registered (default)
[    2.753777] io scheduler cfq registered
[    2.754663] pci_hotplug: PCI Hot Plug PCI Core version: 0.5
[    2.755685] pciehp: PCI Express Hot Plug Controller Driver version: 0.4
[    2.756966] ACPI: AC Adapter [AC] (on-line)
[    2.757883] input: Power Button as /devices/LNXSYSTM:00/LNXPWRBN:00/input/input0
[    2.759354] ACPI: Power Button [PWRF]
[    2.760176] input: Sleep Button as /devices/LNXSYSTM:00/LNXSLPBN:00/input/input1
[    2.761650] ACPI: Sleep Button [SLPF]
[    2.762619] GHES: HEST is not enabled!
[    2.763418] ACPI: Battery Slot [BAT0] (battery present)
[    2.763494] Serial: 8250/16550 driver, 32 ports, IRQ sharing enabled
[    2.786221] 00:02: ttyS0 at I/O 0x3f8 (irq = 4, base_baud = 115200) is a 16550A
[    2.788604] Linux agpgart interface v0.103
[    2.792232] loop: module loaded
[    2.793576] scsi host0: ata_piix
[    2.794390] scsi host1: ata_piix
[    2.795188] ata1: PATA max UDMA/33 cmd 0x1f0 ctl 0x3f6 bmdma 0xd000 irq 14
[    2.796378] ata2: PATA max UDMA/33 cmd 0x170 ctl 0x376 bmdma 0xd008 irq 15
[    2.797929] libphy: Fixed MDIO Bus: probed
[    2.798755] tun: Universal TUN/TAP device driver, 1.6
[    2.799703] tun: (C) 1999-2004 Max Krasnyansky <maxk@qualcomm.com>
[    2.801056] PPP generic driver version 2.4.2
[    2.802014] ehci_hcd: USB 2.0 'Enhanced' Host Controller (EHCI) Driver
[    2.803172] ehci-pci: EHCI PCI platform driver
[    2.804056] ehci-platform: EHCI generic platform driver
[    2.805040] ohci_hcd: USB 1.1 'Open' Host Controller (OHCI) Driver
[    2.806191] ohci-pci: OHCI PCI platform driver
[    2.807255] ohci-platform: OHCI generic platform driver
[    2.809963] uhci_hcd: USB Universal Host Controller Interface driver
[    2.811225] i8042: PNP: PS/2 Controller [PNP0303:PS2K,PNP0f03:PS2M] at 0x60,0x64 irq 1,12
[    2.813313] serio: i8042 KBD port at 0x60,0x64 irq 1
[    2.814260] serio: i8042 AUX port at 0x60,0x64 irq 12
[    2.815347] mousedev: PS/2 mouse device common for all mice
[    2.816652] input: AT Translated Set 2 keyboard as /devices/platform/i8042/serio0/input/input2
[    2.823038] rtc_cmos rtc_cmos: rtc core: registered rtc_cmos as rtc0
[    2.835278] rtc_cmos rtc_cmos: alarms up to one day, 114 bytes nvram
[    2.836946] i2c /dev entries driver
[    2.838084] device-mapper: uevent: version 1.0.3
[    2.839483] device-mapper: ioctl: 4.34.0-ioctl (2015-10-28) initialised: dm-devel@redhat.com
[    2.841854] ledtrig-cpu: registered to indicate activity on CPUs
[    2.844040] NET: Registered protocol family 10
[    2.845440] NET: Registered protocol family 17
[    2.846625] Key type dns_resolver registered
[    2.848730] registered taskstats version 1
[    2.849903] Loading compiled-in X.509 certificates
[    2.851942] Loaded X.509 cert 'Build time autogenerated kernel key: 9f6f572a3ee0cb468eb8db4aa61815bc74ef6adb'
[    2.854323] zswap: loaded using pool lzo/zbud
[    2.859517] Key type trusted registered
[    2.866177] Key type encrypted registered
[    2.867259] AppArmor: AppArmor sha1 policy hashing enabled
[    2.868941] ima: No TPM chip found, activating TPM-bypass!
[    2.870793] evm: HMAC attrs: 0x1
[    2.872461]   Magic number: 6:537:260
[    2.873919] rtc_cmos rtc_cmos: setting system clock to 2018-06-20 03:15:34 UTC (1529464534)
[    2.876909] BIOS EDD facility v0.16 2004-Jun-25, 0 devices found
[    2.878815] EDD information not available.
[    2.957817] Freeing unused kernel memory: 1512K
[    2.960293] Write protecting the kernel read-only data: 14336k
[    2.964134] Freeing unused kernel memory: 1692K
[    2.965664] Freeing unused kernel memory: 96K
Loading, please wait...
starting version 229
[    2.989282] random: systemd-udevd: uninitialized urandom read (16 bytes read, 2 bits of entropy available)
[    2.990330] random: udevadm: uninitialized urandom read (16 bytes read, 2 bits of entropy available)
[    2.990381] random: udevadm: uninitialized urandom read (16 bytes read, 2 bits of entropy available)
[    2.995279] random: systemd-udevd: uninitialized urandom read (16 bytes read, 2 bits of entropy available)
[    2.997213] random: systemd-udevd: uninitialized urandom read (16 bytes read, 2 bits of entropy available)
[    2.999195] random: systemd-udevd: uninitialized urandom read (16 bytes read, 2 bits of entropy available)
[    3.003778] random: systemd-udevd: uninitialized urandom read (16 bytes read, 2 bits of entropy available)
[    3.005647] random: systemd-udevd: uninitialized urandom read (16 bytes read, 2 bits of entropy available)
[    3.007555] random: systemd-udevd: uninitialized urandom read (16 bytes read, 2 bits of entropy available)
[    3.009609] random: udevadm: uninitialized urandom read (16 bytes read, 2 bits of entropy available)
[    3.072167] e1000: Intel(R) PRO/1000 Network Driver - version 7.3.21-k8-NAPI
[    3.078280] e1000: Copyright (c) 1999-2006 Intel Corporation.
[    3.082904] Fusion MPT base driver 3.04.20
[    3.083768] Copyright (c) 1999-2008 LSI Corporation
[    3.123621] Fusion MPT SPI Host driver 3.04.20
[    3.137894] AVX version of gcm_enc/dec engaged.
[    3.139976] AES CTR mode by8 optimization enabled
[    3.314957] input: ImExPS/2 Generic Explorer Mouse as /devices/platform/i8042/serio1/input/input4
[    3.465957] e1000 0000:00:03.0 eth0: (PCI:33MHz:32-bit) 02:e4:ac:f5:39:a9
[    3.467560] e1000 0000:00:03.0 eth0: Intel(R) PRO/1000 Network Connection
[    3.469840] mptbase: ioc0: Initiating bringup
[    3.470584] e1000 0000:00:03.0 enp0s3: renamed from eth0
[    3.542515] ioc0: LSI53C1030 A0: Capabilities={Initiator}
[    4.116440] tsc: Refined TSC clocksource calibration: 2490.824 MHz
[    4.117926] clocksource: tsc: mask: 0xffffffffffffffff max_cycles: 0x23e75da9dfa, max_idle_ns: 440795333289 ns
[    4.285300] scsi host2: ioc0: LSI53C1030 A0, FwRev=00000000h, Ports=1, MaxQ=256, IRQ=20
[    4.401873] scsi 2:0:0:0: Direct-Access     VBOX     HARDDISK         1.0  PQ: 0 ANSI: 5
[    4.631152] scsi target2:0:0: Beginning Domain Validation
[    4.735926] scsi target2:0:0: Domain Validation skipping write tests
[    4.737059] scsi target2:0:0: Ending Domain Validation
[    4.738133] scsi target2:0:0: asynchronous
[    4.748999] scsi 2:0:1:0: Direct-Access     VBOX     HARDDISK         1.0  PQ: 0 ANSI: 5
[    4.750649] scsi target2:0:1: Beginning Domain Validation
[    4.752399] scsi target2:0:1: Domain Validation skipping write tests
[    4.753525] scsi target2:0:1: Ending Domain Validation
[    4.754557] scsi target2:0:1: asynchronous
[    4.761878] sd 2:0:0:0: Attached scsi generic sg0 type 0
[    4.912366] sd 2:0:1:0: [sdb] 20480 512-byte logical blocks: (10.5 MB/10.0 MiB)
[    4.912644] sd 2:0:0:0: [sda] 20971520 512-byte logical blocks: (10.7 GB/10.0 GiB)
[    4.921289] sd 2:0:1:0: Attached scsi generic sg1 type 0
[    4.923096] sd 2:0:0:0: [sda] Write Protect is off
[    4.923246] sd 2:0:1:0: [sdb] Write Protect is off
[    4.923363] sd 2:0:1:0: [sdb] Incomplete mode parameter data
[    4.923365] sd 2:0:1:0: [sdb] Assuming drive cache: write through
[    4.928036] sd 2:0:0:0: [sda] Incomplete mode parameter data
[    4.929075] sd 2:0:0:0: [sda] Assuming drive cache: write through
[    4.971274]  sda: sda1
[    4.973753] sd 2:0:1:0: [sdb] Attached SCSI disk
[    4.979754] sd 2:0:0:0: [sda] Attached SCSI disk
Begin: Loading essential drivers ... [    6.389646] md: linear personality registered for level -1
[    6.507759] md: multipath personality registered for level -4
[    6.513255] md: raid0 personality registered for level 0
[    6.520028] md: raid1 personality registered for level 1
[    6.601789] raid6: sse2x1   gen()  6771 MB/s
[    6.671734] raid6: sse2x1   xor()  6512 MB/s
[    6.737710] raid6: sse2x2   gen() 10262 MB/s
[    6.811696] raid6: sse2x2   xor()  8006 MB/s
[    6.877503] raid6: sse2x4   gen() 11864 MB/s
[    6.945882] raid6: sse2x4   xor()  9074 MB/s
[    6.946979] raid6: using algorithm sse2x4 gen() 11864 MB/s
[    6.948254] raid6: .... xor() 9074 MB/s, rmw enabled
[    6.949432] raid6: using ssse3x2 recovery algorithm
[    6.951955] xor: automatically using best checksumming function:
[    7.010133]    avx       : 59302.000 MB/sec
[    7.013646] async_tx: api initialized (async)
[    7.022694] md: raid6 personality registered for level 6
[    7.026279] md: raid5 personality registered for level 5
[    7.027256] md: raid4 personality registered for level 4
[    7.034948] md: raid10 personality registered for level 10
done.
Begin: Running /scripts/init-premount ... done.
Begin: Mounting root file system ... Begin: Running /scripts/local-top ... done.
Begin: Running /scripts/local-premount ... [    7.078047] Btrfs loaded
Scanning for Btrfs filesystems
done.
Warning: fsck not present, so skipping root file system
[    7.282954] EXT4-fs (sda1): mounted filesystem with ordered data mode. Opts: (null)
done.
Begin: Running /scripts/local-bottom ... done.
Begin: Running /scripts/init-bottom ... done.
[    7.463483] systemd[1]: systemd 229 running in system mode. (+PAM +AUDIT +SELINUX +IMA +APPARMOR +SMACK +SYSVINIT +UTMP +LIBCRYPTSETUP +GCRYPT +GNUTLS +ACL +XZ -LZ4 +SECCOMP +BLKID +ELFUTILS +KMOD -IDN)
[    7.467501] systemd[1]: Detected virtualization oracle.
[    7.468688] systemd[1]: Detected architecture x86-64.

Welcome to [1mUbuntu 16.04.4 LTS[0m!

[    7.473290] systemd[1]: Set hostname to <ubuntu>.
[    7.477090] systemd[1]: Initializing machine ID from random generator.
[    7.478359] systemd[1]: Installed transient /etc/machine-id file.
[  769815] systemd[1]: Reached target System Time Synchronized.
[[0;32m  OK  [0m] Reached target System Time Synchronized.
[    7.767889] systemd[1]: Created slice System Slice.
[[0;32m  OK  [0m] Created slice System Slice.
[    7.770034] systemd[1]: Reached target User and Group Name Lookups.
[[0;32m  OK  [0m] Reached target User and Group Name Lookups.
[    7.772499] systemd[1]: Listening on udev Control Socket.
[[0;32m  OK  [0m] Listening on udev Control Socket.
[    7.774804] systemd[1]: Listening on Device-mapper event daemon FIFOs.
[[0;32m  OK  [0m] Listening on Device-mapper event daemon FIFOs.
[    7.777332] systemd[1]: Listening on LVM2 metadata daemon socket.
[[0;32m  OK  [0m] Listening on LVM2 metadata daemon socket.
[    7.779776] systemd[1]: Started Trigger resolvconf update for networkd DNS.
[[0;32m  OK  [0m] Started Trigger resolvconf update for networkd DNS.
[    7.782449] systemd[1]: Started Forward Password Requests to Wall Directory Watch.
[[0;32m  OK  [0m] Started Forward Password Requests to Wall Directory Watch.
[    7.785467] systemd[1]: Listening on Syslog Socket.
[[0;32m  OK  [0m] Listening on Syslog Socket.
[    7.787610] systemd[1]: Listening on /dev/initctl Compatibility Named Pipe.
[[0;32m  OK  [0m] Listening on /dev/initctl Compatibility Named Pipe.
[    7.790281] systemd[1]: Listening on LVM2 poll daemon socket.
[[0;32m  OK  [0m] Listening on LVM2 poll daemon socket.
[    7.792936] systemd[1]: Created slice User and Session Slice.
[[0;32m  OK  [0m] Created slice User and Session Slice.
[    7.795473] systemd[1]: Reached target Slices.
[[0;32m  OK  [0m] Reached target Slices.
[    7.797868] systemd[1]: Created slice system-serial\x2dgetty.slice.
[[0;32m  OK  [0m] Created slice system-serial\x2dgetty.slice.
[    7.800359] systemd[1]: Listening on Journal Socket.
[[0;32m  OK  [0m] Listening on Journal Socket.

[    7.813516] systemd[1]: Starting Create list of required static device nodes for the current kernel...
         Starting Create list of required st... nodes for the current kernel...
[    7.821447] systemd[1]: Mounting POSIX Message Queue File System...
         Mounting POSIX Message Queue File System...
[    7.826074] systemd[1]: Starting Nameserver information manager...
         Starting Nameserver information manager...
[    7.829370] systemd[1]: Mounting Debug File System...
         Mounting Debug File System...
[    7.832320] systemd[1]: Starting Remount Root and Kernel File Systems...
         Starting Remount Root and Kernel File Systems...
[    7.956412] EXT4-fs (sda1): re-mounted. Opts: (null)
[    7.965486] systemd[1]: Starting Load Kernel Modules...
         Starting Load Kernel Modules...
[    7.971913] systemd[1]: Starting Uncomplicated firewall...
         Starting Uncomplicated firewall...
[    7.977608] systemd[1]: Starting Monitoring of LVM2 mirrors, snapshots etc. using dmeventd or progress polling...
         Starting Monitoring of LVM2 mirrors... dmeventd or progress polling...
[    7.982261] systemd[1]: Reached target Swap.
[[0;32m  OK  [0[    7.984346] Loading iSCSI transport class v2.0-870.
m] Reached target Swap.
[    8.003375] systemd[1]: Reached target Encrypted Volumes.
[[0;32m  OK  [0m] Reached target Encrypted Volumes.
[    8.022867] systemd[1]: Set up automount Arbitrary Executable File Formats File System Automount Point.
[[0;32m  OK  [0m] Set up automount Arbitrary Executab...ats File System Automount Point.
[    8.029032] iscsi: registered transport (tcp)
[    8.029695] systemd[1]: Listening on udev Kernel Socket.
[[0;32m  OK  [0m] Listening on udev Kernel Socket.
[    8.034673] systemd[1]: Listening on Journal Socket (/dev/log).
[[0;32m  OK  [0m] Listening on Journal Socket (/dev/log).
[    8.040208] systemd[1]: Listening on Journal Audit Socket.
[[0;32m  OK  [0m] Listening on Journal Audit Socket.
[    8.053535] systemd[1]: Starting Journal Service...
         Starting Journal Service...
[    8.069989] systemd[1]: Starting Set console keymap...
         Starting Set console keymap...
[    8.081829] systemd[1]: Mounting Huge Pages File System...
         Mounting Huge Pages File System...
[    8.087448] systemd[1]: Mounted POSIX Message Queue File System.
[[0;32m  OK  [0m] Mounted POSIX Message Queue File System.
[    8.093116] systemd[1]: Mounted Debug File System.
[[0;32m  OK  [0m] Mounted Debug File System.
[    8.095908] systemd[1]: Mounted Huge Pages File System.
[[0;32m  OK  [0m] Mounted Huge Pages File System.
[    8.099168] systemd[1]: Started Create list of required static device nodes for the current kernel.
[[0;32m  OK  [0m] Started Create list of required sta...ce nodes for the current kernel.
[    8.103221] iscsi: registered transport (iser)
[    8.104544] systemd[1]: Started Remount Root and Kernel File Systems.
[[0;32m  OK  [0m] Started Remount Root and Kernel File Systems.
[    8.108908] systemd[1]: Started Load Kernel Modules.
[[0;32m  OK  [0m] Started Load Kernel Modules.
[    8.112170] systemd[1]: Started Uncomplicated firewall.
[[0;32m  OK  [0m] Started Uncomplicated firewall.
[    8.129442] systemd[1]: Started Nameserver information manager.
[[0;32m  OK  [0m] Started Nameserver information manager.
[    8.139885] systemd[1]: Started Journal Service.
[[0;32m  OK  [0m] Started Journal Service.
[[0;32m  OK  [0m] Started Set console keymap.
[[0;32m  OK  [0m] Started LVM2 metadata daemon.
         Starting Apply Kernel Variables...
         Mounting FUSE Control File System...
         Starting Load/Save Random Seed...
         Starting Flush Journal to Persistent Storage...
         Starting udev Coldplug all Devices...
         Starting Create Static Device Nodes in /dev...
[[0;32m  OK  [0m] Mounted FUSE Control File System.
[[0;32m  OK  [0m] Started Apply Kernel Variables.
[[0;32m  OK  [0m] Started Load/Save Random Seed.
[[0;32m  OK  [0m] Started Create Static Device Nodes in /dev.
[[0;32m  OK  [0m] Started Flush Journal to Persistent Storage.
         Starting udev Kernel Device Manager...
[[0;32m  OK  [0m] Started udev Coldplug all Devices.
[[0;32m  OK  [0m] Started udev Kernel Device Manager.
[[0;32m  OK  [0m] Started Dispatch Password Requests to Console Directory Watch.
[[0;32m  OK  [0m] Found device /dev/ttyS0.
[[0;32m  OK  [0m] Started Monitoring of LVM2 mirrors,...ng dmeventd or progress polling.
[[0;32m  OK  [0m] Reached target Local File Systems (Pre).
[[0;32m  OK  [0m] Reached target Local File Systems.
         Starting Initial cloud-init job (pre-networking)...
         Starting Create Volatile Files and Directories...
         Starting Commit a transient machine-id on disk...
         Starting Set console font and keymap...
         Starting LSB: AppArmor initialization...
         Starting Tell Plymouth To Write Out Runtime Data...
[[0;32m  OK  [0m] Started Create Volatile Files and Directories.
[[0;32m  OK  [0m] Started Commit a transient machine-id on disk.
[[0;32m  OK  [0m] Started Tell Plymouth To Write Out Runtime Data.
         Starting Update UTMP about System Boot/Shutdown...
[[0;32m  OK  [0m] Started Update UTMP about System Boot/Shutdown.
[[0;32m  OK  [0m] Listening on Load/Save RF Kill Switch Status /dev/rfkill Watch.
[[0;32m  OK  [0m] Started LSB: AppArmor initialization.
[    9.971404] cloud-init[496]: Cloud-init v. 18.2 running 'init-local' at Wed, 20 Jun 2018 03:15:41 +0000. Up 9.24 seconds.
[[0;32m  OK  [0m] Started Set console font and keymap.
[[0;32m  OK  [0m] Started Initial cloud-init job (pre-networking).
[[0;32m  OK  [0m] Reached target Network (Pre).
         Starting Raise network interfaces...
[[0;32m  OK  [0m] Created slice system-getty.slice.
[[0;32m  OK  [0m] Started Raise network interfaces.
         Starting Initial cloud-init job (metadata service crawler)...
[[0;32m  OK  [0m] Reached target Network.
[   12.714408] cloud-init[973]: Cloud-init v. 18.2 running 'init' at Wed, 20 Jun 2018 03:15:43 +0000. Up 11.15 seconds.
[   12.729846] cloud-init[973]: ci-info: +++++++++++++++++++++++++++++++++++++Net device info++++++++++++++++++++++++++++++++++++++
[   12.740295] cloud-init[973]: ci-info: +--------+------+----------------------------+---------------+-------+-------------------+
[   12.742717] cloud-init[973]: ci-info: | Device |  Up  |          Address           |      Mask     | Scope |     Hw-Address    |
[   12.745556] cloud-init[973]: ci-info: +--------+------+----------------------------+---------------+-------+-------------------+
[[   12.824783] cloud-init[973]: ci-info: | enp0s3 | True |         10.0.2.15          | 255.255.255.0 |   .   | 02:e4:ac:f5:39:a9 |
[   12.825154] cloud-init[973]: ci-info: | enp0s3 | True | fe80::e4:acff:fef5:39a9/64 |       .       |  link | 02:e4:ac:f5:39:a9 |
[   12.825608] cloud-init[973]: ci-info: |   lo   | True |         127.0.0.1          |   255.0.0.0   |   .   |         .         |
[   12.826042] cloud-init[973]: ci-info: |   lo   | True |          ::1/128           |       .       |  host |         .         |
[   12.826486] cloud-init[973]: ci-info: +--------+------+----------------------------+---------------+-------+-------------------+
[   12.826902] cloud-init[973]: ci-info: +++++++++++++++++++++++++++Route IPv4 info++++++++++++++++++++++++++++
[   12.827359] cloud-init[973]: ci-info: +-------+-------------+----------+---------------+-----------+-------+
[   12.827885] cloud-init[973]: ci-info: | Route | Destination | Gateway  |    Genmask    | Interface | Flags |
[   12.828758] cloud-init[973]: ci-info: +-------+-------------+----------+---------------+-----------+-------+
[   12.829263] cloud-init[973]: ci-info: |   0   |   0.0.0.0   | 10.0.2.2 |    0.0.0.0    |   enp0s3  |   UG  |
[   12.829792] cloud-init[973]: ci-info: |   1   |   10.0.2.0  | 0.0.0.0  | 255.255.255.0 |   enp0s3  |   U   |
[   12.830311] cloud-init[973]: ci-info: +-------+-------------+----------+---------------+-----------+-------+
[   12.830865] [0;32m  OK  [0m] Started Initial cloud-init job (metadata service crawler).
cloud-init[973]: Generating public/private rsa key pair.
[   12.869752] cloud-init[973]: Your identification has been saved in /etc/ssh/ssh_host_rsa_key.
[   12.869987] cloud-init[973]: Your public key has been saved in /etc/ssh/ssh_host_rsa_key.pub.
[   12.870415] cloud-init[973]: The key fingerprint is:
[   12.870855] cloud-init[973]: SHA256:Mk5Udxoz511qDxiMDYsC9Imxpf6GLoefdzH4g3mJGn8 root@ubuntu-xenial
[   12.871275] cloud-init[973]: The key's randomart image is:
[   12.871727] cloud-init[973]: +---[RSA 2048]----+
[   12.872419] cloud-init[973]: |   .+ . . *=+   .|
[[0;32m  OK  [0m] Reached target Cloud-config availability.
[[   12.872871] cloud-init[973]: |     O o o.Xo+ o |
[   12.927404] cloud-init[973]: |    + = . o o =  |
[   12.928798] cloud-init[973]: |   . . .     . o |
[0;32m  OK  [0m] Reached target System Initialization.
[[   12.929381] cloud-init[973]: |    . +.S       .|
[0;32m  OK  [0m[   12.938733] cloud-init[973]: |     =.oo        |] 
Listening on D-Bus System Message Bus Socket.
[   12.939749] cloud-init[973]: |   .o += +       |
[   12.963266] cloud-init[973]: |  o..== E        |
[   12.975859] cloud-init[973]: |   +=o.+ .       |
[   12.977348] cloud-init[973]: +----[SHA256]-----+
[   12.979037] cloud-init[973]: Generating public/private dsa key pair.
[   12.980993] cloud-init[973]: Your identification has been saved in /etc/ssh/ssh_host_dsa_key.
[   13.008459] cloud-init[973]: Your public key has been saved in /etc/ssh/ssh_host_dsa_key.pub.
[   13.010858] cloud-init[973]: The key fingerprint is:
[   13.033549] cloud-init[973]: SHA256:pxn36/xK8V4DBlLkY13gVR3KYvt6I0+AwKFwvSxvBdc root@ubuntu-xenial
[   13.035257] cloud-init[973]: The key's randomart image is:
[   13.039127] cloud-init[973]: +---[DSA 1024]----+
[   13.040821] cloud-init[973]: |   . ...  oo ..+=|
[   13.063038] cloud-init[973]: |    o oo..oE+ + .|
[   13.064911] cloud-init[973]: |     ..o+. B =   |
[   13.066717] cloud-init[973]: |     . o..= =    |
[   13.068470] cloud-init[973]: |      o S.oo.o   |
[   13.070468] cloud-init[973]: |       o * .+o.  |
[   13.073052] cloud-init[973]: |      . o   oo...|
[   13.074342] cloud-init[973]: |           +o= ..|
[   13.075481] cloud-init[973]: |           oO++  |
[   13.076655] cloud-init[973]: +----[SHA256]-----+
[   13.077779] cloud-init[973]: Generating public/private ecdsa key pair.
[   13.079096] cloud-init[973]: Your identification has been saved in /etc/ssh/ssh_host_ecdsa_key.
[   13.080801] cloud-init[973]: Your public key has been saved in /etc/ssh/ssh_host_ecdsa_key.pub.
[   13.082600] cloud-init[973]: The key fingerprint is:
[   13.083859] cloud-init[973]: SHA256:mTS3icqi6chJy/4CXucPgbictGJGWuNHBXmKmREYVa4 root@ubuntu-xenial
[   13.086062] cloud-init[973]: The key's randomart image is:
[   13.087639] cloud-init[973]: +---[ECDSA 256]---+
[   13.088911] cloud-init[973]: |.+ooo.           |
[   13.098980] cloud-init[973]: |. .....          |
[   13.115412] cloud-init[973]: |   =.o. o .      |
[   13.116181] cloud-init[973]: |  =.o. . * o     |
[[0;32m  OK  [0m] Started ACPI Events Check.
[   13.116529] cloud-init[973]: | +E...  S o      |
[   13.138115] cloud-init[973]: |*o++ o..         |
[   13.138560] cloud-init[973]: |=Oo =.o          |
[[0;32m  OK  [0m] Reached target Paths.
         Starting Socket activation for snappy daemon.[   13.139087] 
cloud-init[973]: |B+o+ o.          |
[   13.168412] cloud-init[973]: |oB*.  ..         |
[   13.168808] cloud-init[973]: +----[SHA256]-----+
[   13.169044] cloud-init[973]: Generating public/private ed25519 key pair.
[   13.169267] cloud-init[973]: Your identification has been saved in /etc/ssh/ssh_host_ed25519_key.
[   13.169512] cloud-init[973]: Your public key has been saved in /etc/ssh/ssh_host_ed25519_key.pub.
[   13.169748] cloud-init[973]: The key fingerprint is:
[   13.169970] cloud-init[973]: SHA256:sXKng9A4aWRJ9En7pktAN2FyABAdi0rjfHx5UA+ocS8 root@ubuntu-xenial
[   13.170194] cloud-init[973]: The key's randomart image is:
[   13.170430] cloud-init[973]: +--[ED25519 256]--+
[   13.170658] cloud-init[973]: |o+o+=.*o         |
[   13.170883] cloud-init[973]: | ..+ X.+o        |
[   13.171103] cloud-init[973]: |.o. O.B ..       |
[   13.171331] cloud-init[973]: |= o= Eo+ o       |
[   13.171564] cloud-init[973]: |.o oBo+.S .      |
[   13.171789] cloud-init[973]: |  ...+.* o       |
[   13.172013] cloud-init[973]: |      + o        |
[   13.172492] cloud-init[973]: |     . . .       |
         Starting LXD - unix socket.
[   13.173304] cloud-init[973]: |      .          |
[[   13.248182] cloud-init[973]: +----[SHA256]-----+
[0;32m  OK  [0m] Listening on UUID daemon activation socket.
[[0;32m  OK  [0m] Started Daily Cleanup of Temporary Directories.
[[0;32m  OK  [0m] Started Daily apt download activities.
[[0;32m  OK  [0m] Listening on ACPID Listen Socket.
[[0;32m  OK  [0m] Started Daily apt upgrade and clean activities.
[[0;32m  OK  [0m] Reached target Timers.
[[0;32m  OK  [0m] Reached target Network is Online.
         Starting iSCSI initiator daemon (iscsid)...
[[0;32m  OK  [0m] Listening on Socket activation for snappy daemon.
[[0;32m  OK  [0m] Listening on LXD - unix socket.
[[0;32m  OK  [0m] Reached target Sockets.
[[0;32m  OK  [0m] Reached target Basic System.
         Starting LSB: MD monitoring daemon...
         Starting Apply the settings specified in cloud-config...
         Starting System Logging Service...
         Starting Pollinate to seed the pseudo random number generator...
         Starting Accounts Service...
[[0;32m  OK  [0m] Started Unattended Upgrades Shutdown.
         Starting LXD - container startup/shutdown...
         Starting LSB: Record successful boot for GRUB...
[[0;32m  OK  [0m] Started Regular background program processing daemon.
[[0;32m  OK  [0m] Started D-Bus System Message Bus.
         Starting /etc/rc.local Compatibility...
[[0;32m  OK  [0m] Started ACPI event daemon.
[[0;32m  OK  [0m] Started Deferred execution scheduler.
         Starting Virtualbox guest utils...
         Starting Login Service...
[[0;32m  OK  [0m] Started FUSE filesystem for LXC.
         Starting Snappy daemon...
[[0;32m  OK  [0m] Started System Logging Service.
[[0;32m  OK  [0m] Started LXD - container startup/shutdown.
[[0;32m  OK  [0m] Started /etc/rc.local Compatibility.
[[0;32m  OK  [0m] Started iSCSI initiator daemon (iscsid).
[[0;32m  OK  [0m] Started LSB: MD monitoring daemon.
[[0;32m  OK  [0m] Started LSB: Record successful boot for GRUB.
         Starting Authenticate and Authorize Users to Run Privileged Tasks...
         Starting Login to default iSCSI targets...
[[0;32m  OK  [0m] Started Login Service.
[[0;32m  OK  [0m] Started Snappy daemon.
[[0;32m  OK  [0m] Started Authenticate and Authorize Users to Run Privileged Tasks.
[[0;32m  OK  [0m] Started Accounts Service.
[[0;32m  OK  [0m] Started Virtualbox guest utils.
[[0;32m  OK  [0m] Started Login to default iSCSI targets.
[[0;32m  OK  [0m] Reached target Remote File Systems (Pre).
[[0;32m  OK  [0m] Reached target Remote File Systems.
         Starting LSB: automatic crash report generation...
         Starting Permit User Sessions...
         Starting LSB: daemon to balance interrupts for SMP systems...
         Starting LSB: Set the CPU Frequency Scaling governor to "ondemand"...
         Starting Wait until snapd is fully seeded...
[[0;32m  OK  [0m] Started LSB: Set the CPU Frequency Scaling governor to "ondemand".
[[0;32m  OK  [0m] Started Permit User Sessions.
[[0;32m  OK  [0m] Started LSB: daemon to balance interrupts for SMP systems.
         Starting Terminate Plymouth Boot Screen...
         Starting Hold until boot process finishes up...
[[0;32m  OK  [0m] Started LSB: automatic crash report generation.
[[0;32m  OK  [0m] Started Terminate Plymouth Boot Screen.
[[0;32m  OK  [0m] Started Hold until boot process finishes up.
         Starting Set console scheme...
[   14.503862] [cloud-init[0;32m  OK  [0m[1062]: ] Generating locales (this might take a while)...Started Serial Getty on ttyS0.

[[0;32m  OK  [0m] Started Getty on tty1.
[[0;32m  OK  [0m] Reached target Login Prompts.
[[0;32m  OK  [0m] Started Set console scheme.
[[0;32m  OK  [0m] Started Pollinate to seed the pseudo random number generator.
         Starting OpenBSD Secure Shell server...
[[0;32m  OK  [0m] Started OpenBSD Secure Shell server.
[[0;32m  OK  [0m] Created slice User Slice of vagrant.
         Starting User Manager for UID 1000...
[[0;32m  OK  [0m] Started Session 1 of user vagrant.
[[0;32m  OK  [0m] Started User Manager for UID 1000.
[   15.940674] cloud-init[1062]:   en_US.UTF-8... done
[   15.943331] cloud-init[1062]: Generation complete.
[   16.479640] cloud-init[1062]: Cloud-init v. 18.2 running 'modules:config' at Wed, 20 Jun 2018 03:15:46 +0000. Up 14.12 seconds.
[[0;32m  OK  [0m] Started Apply the settings specified in cloud-config.
[[0;32m  OK  [0m] Started Wait until snapd is fully seeded.
[[0;32m  OK  [0m] Reached target Multi-User System.
[[0;32m  OK  [0m] Reached target Graphical Interface.
         Starting Update UTMP about System Runlevel Changes...
         Starting Execute cloud user/final scripts...
[[0;32m  OK  [0m] Started Update UTMP about System Runlevel Changes.
ci-info: no authorized ssh keys fingerprints found for user ubuntu.
<14>Jun 20 03:15:50 ec2: 
<14>Jun 20 03:15:50 ec2: #############################################################
<14>Jun 20 03:15:50 ec2: -----BEGIN SSH HOST KEY FINGERPRINTS-----
<14>Jun 20 03:15:50 ec2: 1024 SHA256:pxn36/xK8V4DBlLkY13gVR3KYvt6I0+AwKFwvSxvBdc root@ubuntu-xenial (DSA)
<14>Jun 20 03:15:50 ec2: 256 SHA256:mTS3icqi6chJy/4CXucPgbictGJGWuNHBXmKmREYVa4 root@ubuntu-xenial (ECDSA)
<14>Jun 20 03:15:50 ec2: 256 SHA256:sXKng9A4aWRJ9En7pktAN2FyABAdi0rjfHx5UA+ocS8 root@ubuntu-xenial (ED25519)
<14>Jun 20 03:15:50 ec2: 2048 SHA256:Mk5Udxoz511qDxiMDYsC9Imxpf6GLoefdzH4g3mJGn8 root@ubuntu-xenial (RSA)
<14>Jun 20 03:15:50 ec2: -----END SSH HOST KEY FINGERPRINTS-----
<14>Jun 20 03:15:50 ec2: #############################################################
-----BEGIN SSH HOST KEY KEYS-----
ecdsa-sha2-nistp256 AAAAE2VjZHNhLXNoYTItbmlzdHAyNTYAAAAIbmlzdHAyNTYAAABBBEz8Gc5tjPZOplJkkn9ixrqi4I2AnDZp1WzSQVHlAO9NzwbQqTilq6QxIQfnhf19ZOU8skgIuMz21GyGWqH+ZLs= root@ubuntu-xenial
ssh-ed25519 AAAAC3NzaC1lZDI1NTE5AAAAICnuze15jMz+6UlN0jE4AS1TqSHD2y0vMME4j5jazrlB root@ubuntu-xenial
ssh-rsa AAAAB3NzaC1yc2EAAAADAQABAAABAQDQz6uis5jW8ALH2KpJvq8RCs+uPt0Ro/b25XkJD3iekidMS+L0Qi/WgGTurPQoKNvVj7VFUE9GsSISfA6X7eOh0cIweewKkLcow1GoSaKRl2/8nLUR1hsq/woEtkhlehbwuPuzhw8GRmnUgPpn+Y32QBEU2LBROACiTVYmt3ZHeDS7Gy9C8P7z5qSmjXVrK+dO1ckowr3P7dqoj9jeEnsesGQsNYZ24l/PauAggMLSiPehlnKMtePVCbi2anOCnA+B4xSDBZttcQkczCsTDQmSqW8bMC2llgDmQwjaNiFOuuG4KrwSQHa++9hYosmbWneAL86XRnzgmm5RWMeErW/H root@ubuntu-xenial
-----END SSH HOST KEY KEYS-----
[   18.605507] cloud-init[1461]: Cloud-init v. 18.2 running 'modules:final' at Wed, 20 Jun 2018 03:15:50 +0000. Up 18.24 seconds.
[   18.609627] cloud-init[1461]: ci-info: no authorized ssh keys fingerprints found for user ubuntu.
[   18.611241] cloud-init[1461]: Cloud-init v. 18.2 finished at Wed, 20 Jun 2018 03:15:50 +0000. Datasource DataSourceNoCloud [seed=/dev/sdb][dsmode=net].  Up 18.59 seconds
[[0;32m  OK  [0m] Started Execute cloud user/final scripts.
[[0;32m  OK  [0m] Reached target Cloud-init target.

Ubuntu 16.04.4 LTS ubuntu-xenial ttyS0

ubuntu-xenial login: 